scripts/check_scores.ts(22,26): error TS7006: Parameter 'r' implicitly has an 'any' type.
scripts/check_scores.ts(22,29): error TS7006: Parameter 'i' implicitly has an 'any' type.
scripts/check_similarity_fix.ts(36,26): error TS7006: Parameter 'r' implicitly has an 'any' type.
scripts/check_similarity_fix.ts(36,29): error TS7006: Parameter 'i' implicitly has an 'any' type.
src/app/api/chat/route.ts(41,35): error TS7006: Parameter 'd' implicitly has an 'any' type.
src/app/api/chat/route.ts(42,54): error TS7006: Parameter 'd' implicitly has an 'any' type.
src/app/api/documents/content/route.ts(12,30): error TS2551: Property 'getDocumentsBySource' does not exist on type 'SupabaseVectorStoreService'. Did you mean 'deleteDocumentsBySource'?
src/app/api/documents/content/route.ts(22,30): error TS7006: Parameter 'd' implicitly has an 'any' type.
